[sites.google.com/view/poly-track/index.html]
[sites.google.com/view/poly-track/POST.0.delayed]
[backblue.gif]
[fade.gif]
[index.html]
[ssl.gstatic.com/atari/images/simple-header-blended-small.png]
[apis.google.com/js/clientc932.js]
[sites.google.com/view/poly-track/poly-track-0-5-2.html]
[sites.google.com/view/poly-track/_/ss/index.html]
[sites.google.com/view/poly-track/poly-track-0-5-1.html]
[sites.google.com/view/poly-track/poly-track-0-4-1.html]
[sites.google.com/view/poly-track/stacktris.html]
[sites.google.com/view/poly-track/index.html]
[sites.google.com/view/poly-track/POST.html]
[sites.google.com/view/poly-track/_/ss/index.html]
[sites.google.com/view/poly-track/poly-track-0-5-2.html]
[sites.google.com/view/poly-track/poly-track-0-5-1.html]
[sites.google.com/view/poly-track/poly-track-0-4-1.html]
[sites.google.com/view/poly-track/stacktris.html]
[sites.google.com/view/poly-track/chatboard.html]
[sites.google.com/view/poly-track/chatboard.html]
