[www.coolmathgames.com/0-drift-boss/play.html]
[backblue.gif]
[fade.gif]
[index.html]
[www.coolmathgames.com/sites/default/files/public_games/54231/game1f5a.css]
[www.coolmathgames.com/sites/default/files/cmg-ads.js]
[www.coolmathgames.com/sites/default/files/public_games/54231/game1f5a.js]
[www.coolmathgames.com/sites/default/files/public_games/54231/media/graphics/orientate/landscape.jpg]
[www.coolmathgames.com/sites/default/files/public_games/54231/media/graphics/splash/mobile/cover-start.jpg]
[www.coolmathgames.com/0-drift-boss/play.html]
[www.googletagmanager.com/gtm5445.html]
[www.coolmathgames.com/sites/default/files/public_games/54231/media/graphics/font/mainfont.ttf]
[www.coolmathgames.com/sites/default/files/public_games/54231/media/graphics/loading/ajax-loader.gif]
[www.coolmathgames.com/sites/default/files/public_games/54231/sample_600x600.png]
[www.coolmathgames.com/sites/default/files/public_games/54231/media/graphics/generic-ad/light/close-button.png]
[www.coolmathgames.com/sites/default/files/public_games/54231/game1f5a.css]
[www.coolmathgames.com/sites/default/files/public_games/54231/sample_600x600.html]
